###############################################################################
#
# IAR ELF Linker V8.22.1.15669/W32 for ARM                12/Dec/2024  22:30:23
# Copyright 2007-2018 IAR Systems AB.
#
#    Output file  =  
#        C:\Users\pnu2\Documents\GitHub\lifesavingRobot\project_test\Debug\Exe\test.out
#    Map file     =  
#        C:\Users\pnu2\Documents\GitHub\lifesavingRobot\project_test\Debug\List\test.map
#    Command line =  
#        -f C:\Users\pnu2\AppData\Local\Temp\EWE9B2.tmp
#        (C:\Users\pnu2\Documents\GitHub\lifesavingRobot\project_test\Debug\Obj\bluetooth.o
#        C:\Users\pnu2\Documents\GitHub\lifesavingRobot\project_test\Debug\Obj\delay.o
#        C:\Users\pnu2\Documents\GitHub\lifesavingRobot\project_test\Debug\Obj\infrared.o
#        C:\Users\pnu2\Documents\GitHub\lifesavingRobot\project_test\Debug\Obj\lcd.o
#        C:\Users\pnu2\Documents\GitHub\lifesavingRobot\project_test\Debug\Obj\main.o
#        C:\Users\pnu2\Documents\GitHub\lifesavingRobot\project_test\Debug\Obj\misc.o
#        C:\Users\pnu2\Documents\GitHub\lifesavingRobot\project_test\Debug\Obj\motor.o
#        C:\Users\pnu2\Documents\GitHub\lifesavingRobot\project_test\Debug\Obj\startup_stm32f10x_cl.o
#        C:\Users\pnu2\Documents\GitHub\lifesavingRobot\project_test\Debug\Obj\stm32f10x_adc.o
#        C:\Users\pnu2\Documents\GitHub\lifesavingRobot\project_test\Debug\Obj\stm32f10x_bkp.o
#        C:\Users\pnu2\Documents\GitHub\lifesavingRobot\project_test\Debug\Obj\stm32f10x_can.o
#        C:\Users\pnu2\Documents\GitHub\lifesavingRobot\project_test\Debug\Obj\stm32f10x_cec.o
#        C:\Users\pnu2\Documents\GitHub\lifesavingRobot\project_test\Debug\Obj\stm32f10x_crc.o
#        C:\Users\pnu2\Documents\GitHub\lifesavingRobot\project_test\Debug\Obj\stm32f10x_dac.o
#        C:\Users\pnu2\Documents\GitHub\lifesavingRobot\project_test\Debug\Obj\stm32f10x_dbgmcu.o
#        C:\Users\pnu2\Documents\GitHub\lifesavingRobot\project_test\Debug\Obj\stm32f10x_dma.o
#        C:\Users\pnu2\Documents\GitHub\lifesavingRobot\project_test\Debug\Obj\stm32f10x_exti.o
#        C:\Users\pnu2\Documents\GitHub\lifesavingRobot\project_test\Debug\Obj\stm32f10x_flash.o
#        C:\Users\pnu2\Documents\GitHub\lifesavingRobot\project_test\Debug\Obj\stm32f10x_fsmc.o
#        C:\Users\pnu2\Documents\GitHub\lifesavingRobot\project_test\Debug\Obj\stm32f10x_gpio.o
#        C:\Users\pnu2\Documents\GitHub\lifesavingRobot\project_test\Debug\Obj\stm32f10x_i2c.o
#        C:\Users\pnu2\Documents\GitHub\lifesavingRobot\project_test\Debug\Obj\stm32f10x_it.o
#        C:\Users\pnu2\Documents\GitHub\lifesavingRobot\project_test\Debug\Obj\stm32f10x_iwdg.o
#        C:\Users\pnu2\Documents\GitHub\lifesavingRobot\project_test\Debug\Obj\stm32f10x_pwr.o
#        C:\Users\pnu2\Documents\GitHub\lifesavingRobot\project_test\Debug\Obj\stm32f10x_rcc.o
#        C:\Users\pnu2\Documents\GitHub\lifesavingRobot\project_test\Debug\Obj\stm32f10x_rtc.o
#        C:\Users\pnu2\Documents\GitHub\lifesavingRobot\project_test\Debug\Obj\stm32f10x_sdio.o
#        C:\Users\pnu2\Documents\GitHub\lifesavingRobot\project_test\Debug\Obj\stm32f10x_spi.o
#        C:\Users\pnu2\Documents\GitHub\lifesavingRobot\project_test\Debug\Obj\stm32f10x_tim.o
#        C:\Users\pnu2\Documents\GitHub\lifesavingRobot\project_test\Debug\Obj\stm32f10x_usart.o
#        C:\Users\pnu2\Documents\GitHub\lifesavingRobot\project_test\Debug\Obj\stm32f10x_wwdg.o
#        C:\Users\pnu2\Documents\GitHub\lifesavingRobot\project_test\Debug\Obj\system_stm32f10x.o
#        C:\Users\pnu2\Documents\GitHub\lifesavingRobot\project_test\Debug\Obj\touch.o
#        C:\Users\pnu2\Documents\GitHub\lifesavingRobot\project_test\Debug\Obj\ultra_sonic.o
#        -o
#        C:\Users\pnu2\Documents\GitHub\lifesavingRobot\project_test\Debug\Exe\test.out
#        --map
#        C:\Users\pnu2\Documents\GitHub\lifesavingRobot\project_test\Debug\List\test.map
#        --log
#        libraries,initialization,modules,redirects,sections,veneers,unused_fragments,call_graph
#        --log_file
#        C:\Users\pnu2\Documents\GitHub\lifesavingRobot\project_test\Debug\List\test.log
#        --config "C:\Program Files (x86)\IAR Systems\Embedded Workbench
#        8.0\arm\config\linker\ST\stm32f107xC.icf" --semihosting --entry
#        __iar_program_start --vfe --text_out locale)
#
###############################################################################

*******************************************************************************
*** RUNTIME MODEL ATTRIBUTES
***

CppFlavor       = *
__SystemLibrary = DLib
__dlib_version  = 6


*******************************************************************************
*** HEAP SELECTION
***

The basic heap was selected because no calls to memory allocation
functions were found in the application outside of system library
functions, and there are calls to deallocation functions in the
application.


*******************************************************************************
*** PLACEMENT SUMMARY
***

"A0":  place at 0x08000000 { ro section .intvec };
"P1":  place in [from 0x08000000 to 0x0803ffff] { ro };
define block CSTACK with size = 4K, alignment = 8 { };
define block HEAP with size = 4K, alignment = 8 { };
"P2":  place in [from 0x20000000 to 0x2000ffff] {
          rw, block CSTACK, block HEAP };
initialize by copy { rw };

  Section            Kind        Address    Size  Object
  -------            ----        -------    ----  ------
"A0":                                      0x150
  .intvec            ro code  0x08000000   0x150  startup_stm32f10x_cl.o [1]
                            - 0x08000150   0x150

"P1":                                     0x313d
  .text              ro code  0x08000150   0xe22  xprintffull_nomb.o [3]
  .text              ro code  0x08000f72    0x7a  lz77_init_single.o [5]
  .text              ro code  0x08000fec    0x16  strchr.o [5]
  .text              ro code  0x08001004    0x40  xfail_s.o [3]
  .text              ro code  0x08001044    0x36  strlen.o [5]
  .text              ro code  0x0800107c    0x58  memchr.o [5]
  .text              ro code  0x080010d4   0x22e  I64DivMod.o [5]
  .text              ro code  0x08001304   0x1a2  DblMul.o [4]
  .text              ro code  0x080014a8    0xa6  ABImemcpy.o [5]
  .text              ro code  0x08001550    0x70  frexp.o [4]
  .text              ro code  0x080015c0    0x2e  DblCmpLe.o [4]
  .text              ro code  0x080015f0    0x2e  DblCmpGe.o [4]
  .text              ro code  0x08001620   0x13a  ldexp.o [4]
  .text              ro code  0x0800175c    0x3a  DblToS32.o [4]
  .text              ro code  0x08001798    0x22  S32ToDbl.o [4]
  .text              ro code  0x080017bc    0xe2  DblSub.o [4]
  .text              ro code  0x080018a0   0x246  DblDiv.o [4]
  .text              ro code  0x08001ae8    0x28  DblToU32.o [4]
  .text              ro code  0x08001b10    0x1a  U32ToDbl.o [4]
  .text              ro code  0x08001b2a     0x6  abort.o [3]
  .text              ro code  0x08001b30     0x2  I64DivZer.o [5]
  .text              ro code  0x08001b34   0x168  DblAdd.o [4]
  .text              ro code  0x08001c9c    0x14  exit.o [6]
  .text              ro code  0x08001cb0    0x7c  iarttio.o [6]
  .text              ro code  0x08001d2c    0x3c  XShttio.o [3]
  .text              ro code  0x08001d68   0x480  motor.o [1]
  .text              ro code  0x080021e8   0x168  stm32f10x_rcc.o [1]
  .text              ro code  0x08002350   0x178  stm32f10x_gpio.o [1]
  .text              ro code  0x080024c8   0x28c  bluetooth.o [1]
  .text              ro code  0x08002754    0x28  printf.o [3]
  .text              ro code  0x0800277c    0x34  delay.o [1]
  .text              ro code  0x080027b0   0x1a4  stm32f10x_usart.o [1]
  .text              ro code  0x08002954    0x80  misc.o [1]
  .text              ro code  0x080029d4   0x210  ultra_sonic.o [1]
  .text              ro code  0x08002be4    0xd8  stm32f10x_tim.o [1]
  .text              ro code  0x08002cbc   0x1a4  system_stm32f10x.o [1]
  .text              ro code  0x08002e60    0x58  infrared.o [1]
  .text              ro code  0x08002eb8    0x30  stm32f10x_exti.o [1]
  .text              ro code  0x08002ee8    0x4c  main.o [1]
  .text              ro code  0x08002f34    0x28  data_init.o [5]
  .rodata            const    0x08002f5c    0x24  main.o [1]
  .text              ro code  0x08002f80    0x22  iarwrite.o [6]
  .iar.init_table    const    0x08002fa4    0x10  - Linker created -
  .text              ro code  0x08002fb4    0x20  putchar.o [3]
  .text              ro code  0x08002fd4    0x10  write.o [6]
  .text              ro code  0x08002fe4    0x1e  dwrite.o [6]
  .text              ro code  0x08003002    0x20  iarwstd.o [6]
  .text              ro code  0x08003024    0x1e  cmain.o [5]
  .text              ro code  0x08003042     0x4  low_level_init.o [3]
  .text              ro code  0x08003046     0x4  exit.o [3]
  .text              ro code  0x0800304c     0xa  cexit.o [5]
  .rodata            const    0x08003058    0x18  motor.o [1]
  .rodata            const    0x08003070    0x18  motor.o [1]
  .text              ro code  0x08003088    0x16  xprout.o [3]
  .text              ro code  0x0800309e    0x12  stm32f10x_it.o [1]
  .rodata            const    0x080030b0    0x10  motor.o [1]
  .text              ro code  0x080030c0    0x10  startup_stm32f10x_cl.o [1]
  .rodata            const    0x080030d0     0xc  motor.o [1]
  .rodata            const    0x080030dc     0xc  motor.o [1]
  .rodata            const    0x080030e8     0xc  motor.o [1]
  .rodata            const    0x080030f4     0xc  motor.o [1]
  .rodata            const    0x08003100     0xc  motor.o [1]
  .text              ro code  0x0800310c     0xc  cstartup_M.o [5]
  .rodata            const    0x08003118     0x8  motor.o [1]
  .text              ro code  0x08003120     0x4  startup_stm32f10x_cl.o [1]
  .text              ro code  0x08003124     0x4  startup_stm32f10x_cl.o [1]
  .text              ro code  0x08003128     0x4  startup_stm32f10x_cl.o [1]
  .text              ro code  0x0800312c     0x4  startup_stm32f10x_cl.o [1]
  .text              ro code  0x08003130     0x4  startup_stm32f10x_cl.o [1]
  .text              ro code  0x08003134     0x4  startup_stm32f10x_cl.o [1]
  .text              ro code  0x08003138     0x4  startup_stm32f10x_cl.o [1]
  .text              ro code  0x0800313c     0x4  startup_stm32f10x_cl.o [1]
  .text              ro code  0x08003140     0x4  startup_stm32f10x_cl.o [1]
  .text              ro code  0x08003144     0x4  startup_stm32f10x_cl.o [1]
  .text              ro code  0x08003148     0x4  startup_stm32f10x_cl.o [1]
  .text              ro code  0x0800314c     0x4  startup_stm32f10x_cl.o [1]
  .text              ro code  0x08003150     0x4  startup_stm32f10x_cl.o [1]
  .text              ro code  0x08003154     0x4  startup_stm32f10x_cl.o [1]
  .text              ro code  0x08003158     0x4  startup_stm32f10x_cl.o [1]
  .text              ro code  0x0800315c     0x4  startup_stm32f10x_cl.o [1]
  .text              ro code  0x08003160     0x4  startup_stm32f10x_cl.o [1]
  .text              ro code  0x08003164     0x4  startup_stm32f10x_cl.o [1]
  .text              ro code  0x08003168     0x4  startup_stm32f10x_cl.o [1]
  .text              ro code  0x0800316c     0x4  startup_stm32f10x_cl.o [1]
  .text              ro code  0x08003170     0x4  startup_stm32f10x_cl.o [1]
  .text              ro code  0x08003174     0x4  startup_stm32f10x_cl.o [1]
  .text              ro code  0x08003178     0x4  startup_stm32f10x_cl.o [1]
  .text              ro code  0x0800317c     0x4  startup_stm32f10x_cl.o [1]
  .text              ro code  0x08003180     0x4  startup_stm32f10x_cl.o [1]
  .text              ro code  0x08003184     0x4  startup_stm32f10x_cl.o [1]
  .text              ro code  0x08003188     0x4  startup_stm32f10x_cl.o [1]
  .text              ro code  0x0800318c     0x4  startup_stm32f10x_cl.o [1]
  .text              ro code  0x08003190     0x4  startup_stm32f10x_cl.o [1]
  .text              ro code  0x08003194     0x4  startup_stm32f10x_cl.o [1]
  .text              ro code  0x08003198     0x4  startup_stm32f10x_cl.o [1]
  .text              ro code  0x0800319c     0x4  startup_stm32f10x_cl.o [1]
  .text              ro code  0x080031a0     0x4  startup_stm32f10x_cl.o [1]
  .text              ro code  0x080031a4     0x4  startup_stm32f10x_cl.o [1]
  .text              ro code  0x080031a8     0x4  startup_stm32f10x_cl.o [1]
  .text              ro code  0x080031ac     0x4  startup_stm32f10x_cl.o [1]
  .text              ro code  0x080031b0     0x4  startup_stm32f10x_cl.o [1]
  .text              ro code  0x080031b4     0x4  startup_stm32f10x_cl.o [1]
  .text              ro code  0x080031b8     0x4  startup_stm32f10x_cl.o [1]
  .text              ro code  0x080031bc     0x4  startup_stm32f10x_cl.o [1]
  .text              ro code  0x080031c0     0x4  startup_stm32f10x_cl.o [1]
  .text              ro code  0x080031c4     0x4  startup_stm32f10x_cl.o [1]
  .text              ro code  0x080031c8     0x4  startup_stm32f10x_cl.o [1]
  .text              ro code  0x080031cc     0x4  startup_stm32f10x_cl.o [1]
  .text              ro code  0x080031d0     0x4  startup_stm32f10x_cl.o [1]
  .text              ro code  0x080031d4     0x4  startup_stm32f10x_cl.o [1]
  .text              ro code  0x080031d8     0x4  startup_stm32f10x_cl.o [1]
  .text              ro code  0x080031dc     0x4  startup_stm32f10x_cl.o [1]
  .text              ro code  0x080031e0     0x4  startup_stm32f10x_cl.o [1]
  .text              ro code  0x080031e4     0x4  startup_stm32f10x_cl.o [1]
  .text              ro code  0x080031e8     0x4  startup_stm32f10x_cl.o [1]
  .text              ro code  0x080031ec     0x4  startup_stm32f10x_cl.o [1]
  .text              ro code  0x080031f0     0x4  startup_stm32f10x_cl.o [1]
  .text              ro code  0x080031f4     0x4  startup_stm32f10x_cl.o [1]
  .text              ro code  0x080031f8     0x4  startup_stm32f10x_cl.o [1]
  .text              ro code  0x080031fc     0x4  startup_stm32f10x_cl.o [1]
  .text              ro code  0x08003200     0x4  startup_stm32f10x_cl.o [1]
  .text              ro code  0x08003204     0x4  startup_stm32f10x_cl.o [1]
  .text              ro code  0x08003208     0x4  startup_stm32f10x_cl.o [1]
  .text              ro code  0x0800320c     0x4  startup_stm32f10x_cl.o [1]
  .text              ro code  0x08003210     0x4  startup_stm32f10x_cl.o [1]
  .text              ro code  0x08003214     0x4  startup_stm32f10x_cl.o [1]
  .text              ro code  0x08003218     0x4  startup_stm32f10x_cl.o [1]
  .text              ro code  0x0800321c     0x4  startup_stm32f10x_cl.o [1]
  .text              ro code  0x08003220     0x4  startup_stm32f10x_cl.o [1]
  .text              ro code  0x08003224     0x4  startup_stm32f10x_cl.o [1]
  .text              ro code  0x08003228     0x4  startup_stm32f10x_cl.o [1]
  .text              ro code  0x0800322c     0x4  startup_stm32f10x_cl.o [1]
  .text              ro code  0x08003230     0x4  startup_stm32f10x_cl.o [1]
  .text              ro code  0x08003234     0x4  startup_stm32f10x_cl.o [1]
  .rodata            const    0x08003238     0x0  lz77_init_single.o [5]
  Initializer bytes  const    0x08003238    0x55  <for P2-1>
                            - 0x0800328d  0x313d

"P2", part 1 of 2:                          0xca
  P2-1                        0x20000000    0xca  <Init block>
    .data            inited   0x20000000     0x4  motor.o [1]
    .data            inited   0x20000004    0x10  stm32f10x_rcc.o [1]
    .data            inited   0x20000014     0x4  stm32f10x_rcc.o [1]
    .data            inited   0x20000018     0x4  system_stm32f10x.o [1]
    .data            inited   0x2000001c    0x20  ultra_sonic.o [1]
    .data            inited   0x2000003c    0x20  ultra_sonic.o [1]
    .data            inited   0x2000005c    0x20  ultra_sonic.o [1]
    .data            inited   0x2000007c    0x20  ultra_sonic.o [1]
    .data            inited   0x2000009c     0x8  XShttio.o [3]
    .bss             inited   0x200000a4     0x4  infrared.o [1]
    .bss             inited   0x200000a8     0x4  motor.o [1]
    .bss             inited   0x200000ac     0x4  motor.o [1]
    .bss             inited   0x200000b0     0x4  ultra_sonic.o [1]
    .bss             inited   0x200000b4     0x4  ultra_sonic.o [1]
    .bss             inited   0x200000b8     0x4  ultra_sonic.o [1]
    .bss             inited   0x200000bc     0x4  ultra_sonic.o [1]
    .bss             inited   0x200000c0     0x4  xfail_s.o [3]
    .bss             inited   0x200000c4     0x2  bluetooth.o [1]
    .bss             inited   0x200000c6     0x2  bluetooth.o [1]
    .bss             inited   0x200000c8     0x1  infrared.o [1]
    .bss             inited   0x200000c9     0x1  XShttio.o [3]
                            - 0x200000ca    0xca

"P2", part 2 of 2:                        0x1000
  CSTACK                      0x200000d0  0x1000  <Block>
    CSTACK           uninit   0x200000d0  0x1000  <Block tail>
                            - 0x200010d0  0x1000


*******************************************************************************
*** INIT TABLE
***

          Address     Size
          -------     ----
Copy/lz77 (__iar_lz77_init_single3)
    1 source range, total size 0x55 (42% of destination):
          0x08003238  0x55
    1 destination range, total size 0xca:
          0x20000000  0xca



*******************************************************************************
*** MODULE SUMMARY
***

    Module                  ro code  ro data  rw data
    ------                  -------  -------  -------
C:\Users\pnu2\Documents\GitHub\lifesavingRobot\project_test\Debug\Obj: [1]
    bluetooth.o                 652        2        4
    delay.o                      52
    infrared.o                   88        1        5
    main.o                       76       36
    misc.o                      128
    motor.o                   1 152      137       12
    startup_stm32f10x_cl.o      632
    stm32f10x_exti.o             48
    stm32f10x_gpio.o            376
    stm32f10x_it.o               18
    stm32f10x_rcc.o             360        9       20
    stm32f10x_tim.o             216
    stm32f10x_usart.o           420
    system_stm32f10x.o          420        1        4
    ultra_sonic.o               528       60      144
    -------------------------------------------------
    Total:                    5 166      246      189

command line: [2]
    -------------------------------------------------
    Total:

dl7M_tln.a: [3]
    XShttio.o                    60        5        9
    abort.o                       6
    exit.o                        4
    low_level_init.o              4
    printf.o                     40
    putchar.o                    32
    xfail_s.o                    64        2        4
    xprintffull_nomb.o        3 618
    xprout.o                     22
    -------------------------------------------------
    Total:                    3 850        7       13

m7M_tl.a: [4]
    DblAdd.o                    360
    DblCmpGe.o                   46
    DblCmpLe.o                   46
    DblDiv.o                    582
    DblMul.o                    418
    DblSub.o                    226
    DblToS32.o                   58
    DblToU32.o                   40
    S32ToDbl.o                   34
    U32ToDbl.o                   26
    frexp.o                     112
    ldexp.o                     314
    -------------------------------------------------
    Total:                    2 262

rt7M_tl.a: [5]
    ABImemcpy.o                 166
    I64DivMod.o                 558
    I64DivZer.o                   2
    cexit.o                      10
    cmain.o                      30
    cstartup_M.o                 12
    data_init.o                  40
    lz77_init_single.o          122
    memchr.o                     88
    strchr.o                     22
    strlen.o                     54
    -------------------------------------------------
    Total:                    1 104

shb_l.a: [6]
    dwrite.o                     30
    exit.o                       20
    iarttio.o                   124
    iarwrite.o                   34
    iarwstd.o                    32
    write.o                      16
    -------------------------------------------------
    Total:                      256

    Gaps                         30        4
    Linker created                        16    4 096
-----------------------------------------------------
    Grand Total:             12 668      273    4 298


*******************************************************************************
*** ENTRY LIST
***

Entry                      Address   Size  Type      Object
-----                      -------   ----  ----      ------
.iar.init_table$$Base   0x08002fa4          --   Gb  - Linker created -
.iar.init_table$$Limit  0x08002fb4          --   Gb  - Linker created -
?main                   0x08003025         Code  Gb  cmain.o [5]
ADCPrescTable           0x20000014    0x4  Data  Lc  stm32f10x_rcc.o [1]
APBAHBPrescTable        0x20000004   0x10  Data  Lc  stm32f10x_rcc.o [1]
BusFault_Handler        0x080030a5    0x2  Code  Gb  stm32f10x_it.o [1]
CSTACK$$Base            0x200000d0          --   Gb  - Linker created -
CSTACK$$Limit           0x200010d0          --   Gb  - Linker created -
DebugMon_Handler        0x080030ab    0x2  Code  Gb  stm32f10x_it.o [1]
EXTI9_5_IRQHandler      0x08002e61   0x34  Code  Gb  infrared.o [1]
EXTI_ClearITPendingBit  0x08002ed9    0x6  Code  Gb  stm32f10x_exti.o [1]
EXTI_GetITStatus        0x08002eb9   0x20  Code  Gb  stm32f10x_exti.o [1]
GPIO_Init               0x08002351   0xc4  Code  Gb  stm32f10x_gpio.o [1]
GPIO_PinRemapConfig     0x08002435   0x8a  Code  Gb  stm32f10x_gpio.o [1]
GPIO_ReadInputDataBit   0x08002415   0x14  Code  Gb  stm32f10x_gpio.o [1]
GPIO_ResetBits          0x0800242f    0x6  Code  Gb  stm32f10x_gpio.o [1]
GPIO_SetBits            0x08002429    0x6  Code  Gb  stm32f10x_gpio.o [1]
HardFault_Handler       0x080030a1    0x2  Code  Gb  stm32f10x_it.o [1]
LoadInt                 0x08000303   0x7a  Code  Lc  xprintffull_nomb.o [3]
MemManage_Handler       0x080030a3    0x2  Code  Gb  stm32f10x_it.o [1]
NMI_Handler             0x0800309f    0x2  Code  Gb  stm32f10x_it.o [1]
NVIC_Init               0x0800295f   0x60  Code  Gb  misc.o [1]
NVIC_PriorityGroupConfig
                        0x08002955    0xa  Code  Gb  misc.o [1]
PendSV_Handler          0x080030ad    0x2  Code  Gb  stm32f10x_it.o [1]
RCC_APB1PeriphClockCmd  0x0800230d   0x20  Code  Gb  stm32f10x_rcc.o [1]
RCC_APB2PeriphClockCmd  0x080022ed   0x20  Code  Gb  stm32f10x_rcc.o [1]
RCC_GetClocksFreq       0x080021e9  0x104  Code  Gb  stm32f10x_rcc.o [1]
Region$$Table$$Base     0x08002fa4          --   Gb  - Linker created -
Region$$Table$$Limit    0x08002fb4          --   Gb  - Linker created -
SVC_Handler             0x080030a9    0x2  Code  Gb  stm32f10x_it.o [1]
SetSysClock             0x08002d23    0x8  Code  Lc  system_stm32f10x.o [1]
SetSysClockTo72         0x08002d2b  0x110  Code  Lc  system_stm32f10x.o [1]
SysTick_Handler         0x080030af    0x2  Code  Gb  stm32f10x_it.o [1]
SystemCoreClock         0x20000018    0x4  Data  Gb  system_stm32f10x.o [1]
SystemInit              0x08002cbd   0x66  Code  Gb  system_stm32f10x.o [1]
TIM_Cmd                 0x08002c77   0x1c  Code  Gb  stm32f10x_tim.o [1]
TIM_TimeBaseInit        0x08002be5   0x92  Code  Gb  stm32f10x_tim.o [1]
USART1_IRQHandler       0x08002685   0x2c  Code  Gb  bluetooth.o [1]
USART2_IRQHandler       0x080026b1   0x38  Code  Gb  bluetooth.o [1]
USART_ClearITPendingBit
                        0x0800293f   0x16  Code  Gb  stm32f10x_usart.o [1]
USART_Cmd               0x0800286d   0x1c  Code  Gb  stm32f10x_usart.o [1]
USART_GetITStatus       0x080028e3   0x5c  Code  Gb  stm32f10x_usart.o [1]
USART_ITConfig          0x08002889   0x4a  Code  Gb  stm32f10x_usart.o [1]
USART_Init              0x080027b1   0xb6  Code  Gb  stm32f10x_usart.o [1]
USART_ReceiveData       0x080028db    0x8  Code  Gb  stm32f10x_usart.o [1]
USART_SendData          0x080028d3    0x8  Code  Gb  stm32f10x_usart.o [1]
UsageFault_Handler      0x080030a7    0x2  Code  Gb  stm32f10x_it.o [1]
_GenldFullNoMb          0x08000c71  0x274  Code  Lc  xprintffull_nomb.o [3]
_LdtobFullNoMb          0x08000845  0x3fe  Code  Lc  xprintffull_nomb.o [3]
_LitobFullNoMb          0x080006ed  0x112  Code  Lc  xprintffull_nomb.o [3]
_PrintfFullNoMb         0x08000151  0x1a4  Code  Gb  xprintffull_nomb.o [3]
_Prout                  0x08003089   0x16  Code  Gb  xprout.o [3]
_PutcharsFullNoMb       0x08000ee5   0x2e  Code  Lc  xprintffull_nomb.o [3]
_PutfldFullNoMb         0x0800037d  0x264  Code  Lc  xprintffull_nomb.o [3]
_PuttxtFullNoMb         0x080005e1  0x10c  Code  Lc  xprintffull_nomb.o [3]
__NVIC_EnableIRQ        0x080024c9   0x1c  Code  Lc  bluetooth.o [1]
__aeabi_cdcmple         0x080015c1         Code  Gb  DblCmpLe.o [4]
__aeabi_cdrcmple        0x080015f1         Code  Gb  DblCmpGe.o [4]
__aeabi_d2iz            0x0800175d         Code  Gb  DblToS32.o [4]
__aeabi_d2uiz           0x08001ae9         Code  Gb  DblToU32.o [4]
__aeabi_ddiv            0x080018a1         Code  Gb  DblDiv.o [4]
__aeabi_dmul            0x08001305         Code  Gb  DblMul.o [4]
__aeabi_dsub            0x080017bd         Code  Gb  DblSub.o [4]
__aeabi_i2d             0x08001799         Code  Gb  S32ToDbl.o [4]
__aeabi_ldiv0           0x08001b31         Code  Gb  I64DivZer.o [5]
__aeabi_memcpy          0x080014a9         Code  Gb  ABImemcpy.o [5]
__aeabi_memcpy4         0x080014c9         Code  Gb  ABImemcpy.o [5]
__aeabi_memcpy8         0x080014c9         Code  Gb  ABImemcpy.o [5]
__aeabi_ui2d            0x08001b11         Code  Gb  U32ToDbl.o [4]
__aeabi_uldivmod        0x080010d5         Code  Gb  I64DivMod.o [5]
__cmain                 0x08003025         Code  Gb  cmain.o [5]
__dwrite                0x08002fe5   0x1e  Code  Gb  dwrite.o [6]
__exit                  0x08001c9d   0x14  Code  Gb  exit.o [6]
__iar_Fail_s            0x08001005   0x1c  Code  Gb  xfail_s.o [3]
__iar_Memchr            0x0800107d         Code  Gb  memchr.o [5]
__iar_Strchr            0x08000fed         Code  Gb  strchr.o [5]
__iar_close_ttio        0x08001cb1   0x2c  Code  Gb  iarttio.o [6]
__iar_dadd              0x080017cd         Code  Gb  DblSub.o [4]
__iar_data_init3        0x08002f35   0x28  Code  Gb  data_init.o [5]
__iar_dsub              0x08001b35         Code  Gb  DblAdd.o [4]
__iar_dsubStart         0x08001b47         Code  Gb  DblAdd.o [4]
__iar_frexp             0x0800155d         Code  Gb  frexp.o [4]
__iar_frexp64           0x08001551         Code  Gb  frexp.o [4]
__iar_frexpl            0x0800155d         Code  Gb  frexp.o [4]
__iar_get_ttio          0x08001cdd   0x4c  Code  Gb  iarttio.o [6]
__iar_ldexp64           0x08001621         Code  Gb  ldexp.o [4]
__iar_lookup_ttioh      0x08001d5b    0x4  Code  Gb  XShttio.o [3]
__iar_lz77_init_single3
                        0x08000f73   0x7a  Code  Gb  lz77_init_single.o [5]
__iar_program_start     0x0800310d         Code  Gb  cstartup_M.o [5]
__iar_scalbln64         0x08001621         Code  Gb  ldexp.o [4]
__iar_scalbn64          0x08001621         Code  Gb  ldexp.o [4]
__iar_sh_stdout         0x08003003   0x20  Code  Gb  iarwstd.o [6]
__iar_sh_write          0x08002f81   0x22  Code  Gb  iarwrite.o [6]
__iar_systems$$module {Abs}
                        0x00000001         Data  Gb  command line/config [2]
__iar_ttio_guard_lock   0x08001d2d   0x1e  Code  Gb  XShttio.o [3]
__iar_ttio_guard_unlock
                        0x08001d4b   0x10  Code  Gb  XShttio.o [3]
__iar_ttio_handles      0x2000009c    0x8  Data  Lc  XShttio.o [3]
__low_level_init        0x08003043    0x4  Code  Gb  low_level_init.o [3]
__vector_table          0x08000000         Data  Gb  startup_stm32f10x_cl.o [1]
__write                 0x08002fd5   0x10  Code  Gb  write.o [6]
_call_main              0x08003031         Code  Gb  cmain.o [5]
_exit                   0x0800304d         Code  Gb  cexit.o [5]
_main                   0x0800303f         Code  Gb  cmain.o [5]
abort                   0x08001b2b    0x6  Code  Gb  abort.o [3]
auto_control            0x08001f19   0xb4  Code  Gb  motor.o [1]
auto_counter            0x200000ac    0x4  Data  Gb  motor.o [1]
bt_get_user_input       0x080026e9    0xe  Code  Gb  bluetooth.o [1]
bt_gpio_configure       0x0800252d   0x78  Code  Gb  bluetooth.o [1]
bt_init                 0x080024e5   0x18  Code  Gb  bluetooth.o [1]
bt_nvic_configure       0x08002631   0x54  Code  Gb  bluetooth.o [1]
bt_rcc_configure        0x080024fd   0x30  Code  Gb  bluetooth.o [1]
bt_send_to_user         0x080026f7   0x42  Code  Gb  bluetooth.o [1]
bt_usart1_configure     0x080025a5   0x46  Code  Gb  bluetooth.o [1]
bt_usart2_configure     0x080025eb   0x46  Code  Gb  bluetooth.o [1]
delay                   0x0800277d    0xc  Code  Gb  delay.o [1]
delay_us                0x08002789   0x20  Code  Gb  delay.o [1]
exit                    0x08003047    0x4  Code  Gb  exit.o [3]
flag_back_obstacle      0x200000bc    0x4  Data  Gb  ultra_sonic.o [1]
flag_front_obstacle     0x200000b0    0x4  Data  Gb  ultra_sonic.o [1]
flag_left_obstacle      0x200000b4    0x4  Data  Gb  ultra_sonic.o [1]
flag_right_obstacle     0x200000b8    0x4  Data  Gb  ultra_sonic.o [1]
frexp                   0x08001551         Code  Gb  frexp.o [4]
frexpl                  0x08001551         Code  Gb  frexp.o [4]
go_backward             0x08002043   0x58  Code  Gb  motor.o [1]
go_forward              0x08001feb   0x58  Code  Gb  motor.o [1]
ir_interrupt_flag       0x200000c8    0x1  Data  Gb  infrared.o [1]
ir_timer                0x200000a4    0x4  Data  Gb  infrared.o [1]
is_connected            0x200000c4    0x2  Data  Gb  bluetooth.o [1]
ldexp                   0x08001621         Code  Gb  ldexp.o [4]
ldexpl                  0x08001621         Code  Gb  ldexp.o [4]
main                    0x08002ee9   0x4c  Code  Gb  main.o [1]
manual_control          0x08001eab   0x6e  Code  Gb  motor.o [1]
memchr                  0x0800107d         Code  Gb  memchr.o [5]
motor_control           0x08001fcd   0x1e  Code  Gb  motor.o [1]
motor_delay             0x20000000    0x4  Data  Gb  motor.o [1]
motor_gpio_configure    0x08001dad   0xec  Code  Gb  motor.o [1]
motor_init              0x08001e99   0x12  Code  Gb  motor.o [1]
motor_mode              0x200000a8    0x4  Data  Gb  motor.o [1]
motor_rcc_configure     0x08001d69   0x44  Code  Gb  motor.o [1]
printf                  0x08002755   0x28  Code  Gb  printf.o [3]
putchar                 0x08002fb5   0x20  Code  Gb  putchar.o [3]
reset_ir_flag           0x08002e95   0x16  Code  Gb  infrared.o [1]
scalbln                 0x08001621         Code  Gb  ldexp.o [4]
scalblnl                0x08001621         Code  Gb  ldexp.o [4]
scalbn                  0x08001621         Code  Gb  ldexp.o [4]
scalbnl                 0x08001621         Code  Gb  ldexp.o [4]
scale                   0x080007ff   0x46  Code  Lc  xprintffull_nomb.o [3]
sec_hand                0x200000c0    0x4  Data  Lc  xfail_s.o [3]
stop                    0x0800214b   0x4c  Code  Gb  motor.o [1]
strchr                  0x08000fed         Code  Gb  strchr.o [5]
strlen                  0x08001045         Code  Gb  strlen.o [5]
ttio_guard              0x200000c9    0x1  Data  Lc  XShttio.o [3]
turn_left               0x0800209b   0x58  Code  Gb  motor.o [1]
turn_right              0x080020f3   0x58  Code  Gb  motor.o [1]
ultra_sonic_gpio_configure
                        0x08002a59   0x4e  Code  Gb  ultra_sonic.o [1]
ultra_sonic_init        0x080029d5   0x10  Code  Gb  ultra_sonic.o [1]
ultra_sonic_rcc_configure
                        0x080029e5   0x74  Code  Gb  ultra_sonic.o [1]
ultra_sonic_timer_configure
                        0x08002ae9   0xd8  Code  Gb  ultra_sonic.o [1]
us_back                 0x2000007c   0x20  Data  Gb  ultra_sonic.o [1]
us_front                0x2000001c   0x20  Data  Gb  ultra_sonic.o [1]
us_gpio_config          0x08002aa7   0x42  Code  Gb  ultra_sonic.o [1]
us_left                 0x2000003c   0x20  Data  Gb  ultra_sonic.o [1]
us_right                0x2000005c   0x20  Data  Gb  ultra_sonic.o [1]
user_input              0x200000c6    0x2  Data  Gb  bluetooth.o [1]


[1] = C:\Users\pnu2\Documents\GitHub\lifesavingRobot\project_test\Debug\Obj
[2] = command line
[3] = dl7M_tln.a
[4] = m7M_tl.a
[5] = rt7M_tl.a
[6] = shb_l.a

  12 668 bytes of readonly  code memory
     273 bytes of readonly  data memory
   4 298 bytes of readwrite data memory

Errors: none
Warnings: none
